
> @prc/email-builder@1.3.0 build
> wp-scripts build --webpack-copy-php && wp-scripts build-blocks-manifest && wp-scripts build --config webpack.settings.config.js && wp-scripts build --config webpack.admin-dataview.config.js

assets by chunk 367 KiB (id hint: style) 6 assets
assets by path campaign-query/ 1.6 KiB 3 assets
assets by path latest-campaign-query/ 1.54 KiB 3 assets
assets by status 397 KiB [emitted] 2 assets
assets by chunk 347 KiB (name: term-admin/index) 2 assets
assets by chunk 5.42 KiB (name: campaign-email-preview/index) 2 assets
assets by path form-action/ 1.4 KiB
  asset form-action/index.js 1.25 KiB [compared for emit] [minimized] (name: form-action/index)
  asset form-action/index.asset.php 158 bytes [compared for emit] (name: form-action/index)
asset campaign-email-preview/render.php 3.04 KiB [compared for emit] [from: src/campaign-email-preview/render.php] [copied]
asset campaign-email-preview/block.json 1.2 KiB [compared for emit] [from: src/campaign-email-preview/block.json] [copied]
orphan modules 4.9 MiB (javascript) 4.58 KiB (runtime) [orphan] 2315 modules
runtime modules 12.1 KiB 20 modules
built modules 2.28 MiB (javascript) 183 KiB (css/mini-extract) [built]
  javascript modules 2.28 MiB
    modules by path ./src/ 2.27 MiB 6 modules
    cacheable modules 13 KiB
      modules by path ../../node_modules/use-sync-external-store/ 5.03 KiB 4 modules
      + 2 modules
    external "React" 42 bytes [built] [code generated]
  css modules 183 KiB
    modules by path ./src/sidebar/ 95.9 KiB
      css ../../node_modules/css-loader/dist/cjs.js??ruleSet[1].rules[3].use[1]!../../node_modules/postcss-loader/dist/cjs.js??ruleSet[1].rules[3].use[2]!../../node_modules/sass-loader/dist/cjs.js??ruleSet[1].rules[3].use[3]!./src/sidebar/engagement/style.scss 4.65 KiB [built] [code generated]
      + 2 modules
    css ../../node_modules/css-loader/dist/cjs.js??ruleSet[1].rules[3].use[1]!../../node_modules/postcss-loader/dist/cjs.js??ruleSet[1].rules[3].use[2]!../../node_modules/sass-loader/dist/cjs.js??ruleSet[1].rules[3].use[3]!./src/campaign-email-preview/style.scss 1.18 KiB [built] [code generated]
    css ../../node_modules/css-loader/dist/cjs.js??ruleSet[1].rules[3].use[1]!../../node_modules/postcss-loader/dist/cjs.js??ruleSet[1].rules[3].use[2]!../../node_modules/sass-loader/dist/cjs.js??ruleSet[1].rules[3].use[3]!./src/term-admin/style.scss 86.3 KiB [built] [code generated]

WARNING in asset size limit: The following asset(s) exceed the recommended size limit (244 KiB).
This can impact web performance.
Assets: 
  sidebar/index.js (397 KiB)
  term-admin/index.js (346 KiB)

WARNING in entrypoint size limit: The following entrypoint(s) combined asset size exceeds the recommended limit (244 KiB). This can impact web performance.
Entrypoints:
  sidebar/index (589 KiB)
      sidebar/style-index.css
      sidebar/style-index-rtl.css
      sidebar/index.js
      sidebar/index.asset.php
  term-admin/index (711 KiB)
      sidebar/style-index.css
      sidebar/style-index-rtl.css
      term-admin/style-index.css
      term-admin/style-index-rtl.css
      term-admin/index.js
      term-admin/index.asset.php

WARNING in webpack performance recommendations: 
You can limit the size of your bundles by using import() or require.ensure to lazy load some parts of your application.
For more info visit https://webpack.js.org/guides/code-splitting/

webpack 5.106.2 compiled with 3 warnings in 12092 ms
Block metadata PHP file generated at: build/blocks-manifest.php
assets by chunk 6.05 KiB (name: index)
  asset index.js 5.9 KiB [emitted] [minimized] (name: index)
  asset index.asset.php 160 bytes [emitted] (name: index)
assets by path campaign-email-preview/ 4.23 KiB
  asset campaign-email-preview/render.php 3.04 KiB [emitted] [from: src/campaign-email-preview/render.php] [copied]
  asset campaign-email-preview/block.json 1.2 KiB [emitted] [from: src/campaign-email-preview/block.json] [copied]
assets by path ./*.css 2 bytes
  asset ./style-index-rtl.css 1 bytes [emitted] (name: ./style-index) (id hint: style)
  asset ./style-index.css 1 bytes [emitted] (name: ./style-index) (id hint: style)
asset latest-campaign-query/block.json 386 bytes [emitted] [from: src/latest-campaign-query/block.json] [copied]
asset campaign-query/block.json 367 bytes [emitted] [from: src/campaign-query/block.json] [copied]
Entrypoint index 6.06 KiB = ./style-index.css 1 bytes ./style-index-rtl.css 1 bytes index.js 5.9 KiB index.asset.php 160 bytes
orphan modules 10.3 KiB (javascript) 937 bytes (runtime) [orphan] 16 modules
runtime modules 2.51 KiB 3 modules
built modules 7.66 KiB (javascript) 0 bytes (css/mini-extract) [built]
  ./src/settings/index.tsx + 8 modules 7.66 KiB [not cacheable] [built] [code generated]
  css ../../node_modules/css-loader/dist/cjs.js??ruleSet[1].rules[3].use[1]!../../node_modules/postcss-loader/dist/cjs.js??ruleSet[1].rules[3].use[2]!../../node_modules/sass-loader/dist/cjs.js??ruleSet[1].rules[3].use[3]!./src/settings/style.scss 0 bytes [built] [code generated]
webpack 5.106.2 compiled successfully in 969 ms
assets by chunk 27 KiB (name: index)
  asset index.js 26.8 KiB [emitted] [minimized] (name: index)
  asset index.asset.php 208 bytes [emitted] (name: index)
assets by path ./*.css 11 KiB
  asset ./style-index.css 5.51 KiB [emitted] (name: ./style-index) (id hint: style)
  asset ./style-index-rtl.css 5.5 KiB [emitted] (name: ./style-index) (id hint: style)
Entrypoint index 38 KiB = ./style-index.css 5.51 KiB ./style-index-rtl.css 5.5 KiB index.js 26.8 KiB index.asset.php 208 bytes
orphan modules 262 KiB (javascript) 1.83 KiB (runtime) [orphan] 351 modules
runtime modules 3.07 KiB 5 modules
built modules 48.9 KiB (javascript) 5.5 KiB (css/mini-extract) [built]
  ./src/admin-dataview/index.tsx + 24 modules 48.9 KiB [not cacheable] [built] [code generated]
  css ../../node_modules/css-loader/dist/cjs.js??ruleSet[1].rules[3].use[1]!../../node_modules/postcss-loader/dist/cjs.js??ruleSet[1].rules[3].use[2]!../../node_modules/sass-loader/dist/cjs.js??ruleSet[1].rules[3].use[3]!./src/library/style.scss 871 bytes [built] [code generated]
  css ../../node_modules/css-loader/dist/cjs.js??ruleSet[1].rules[3].use[1]!../../node_modules/postcss-loader/dist/cjs.js??ruleSet[1].rules[3].use[2]!../../node_modules/sass-loader/dist/cjs.js??ruleSet[1].rules[3].use[3]!./src/sidebar/engagement/style.scss 4.65 KiB [built] [code generated]
webpack 5.106.2 compiled successfully in 1619 ms
